Line 14: Class Label3DControl.Label3D of control Label3D1 was not a loaded control class.
